root@sgx-HP-ENVY-x360-m6-Convertible:~/git/sfe_frigate15/exec/sgxship# export LD_LIBRARY_PATH=${HOME}/pbc-0.5.14/.libs/:${LD_LIBRARY_PATH}
root@sgx-HP-ENVY-x360-m6-Convertible:~/git/sfe_frigate15/exec/sgxship# ./gen 80 1 ./TestPrograms/arrayinit.wir inp.txt 127.0.0.1 5000 1 127.0.0.1 8000
evl is client, gen is host:::
daveti-debug:
evalgc:
209 40 124 176 240 132 11 9 175 39 
54 90 167 105 158 238 86 193 222 212 
207 88 72 217 66 215 32 192 92 26 
10 255 239 61 244 150 235 146 130 227 
85 42 112 38 87 221 218 222 241 140 
203 168 17 233 165 88 135 111 108 195 
215 37 124 122 30 83 40 158 53 205 
82 212 167 209 217 214 53 96 255 32 
115 8 164 164 16 127 83 221 43 112 
192 31 195 167 89 224 59 66 139 78 
205 202 143 184 151 122 71 33 23 32 
223 90 171 196 32 238 224 127 179 185 
188 232 40 61 112 16 230 105 6 200 
63 219 218 32 128 252 186 90 61 210 
185 252 76 48 146 121 175 241 175 24 
235 109 248 136 95 226 61 183 67 220 
gengc:
58 216 81 200 1 202 1 58 104 17 
209 40 124 176 240 132 11 9 175 39 
35 222 145 173 180 126 112 22 211 114 
54 90 167 105 158 238 86 193 222 212 
207 88 72 217 66 215 32 192 92 26 
60 207 147 176 234 101 181 177 109 16 
10 255 239 61 244 150 235 146 130 227 
153 123 21 194 175 194 239 51 107 196 
85 42 112 38 87 221 218 222 241 140 
186 117 234 204 65 98 220 201 27 229 
203 168 17 233 165 88 135 111 108 195 
34 181 58 147 204 250 130 247 149 195 
215 37 124 122 30 83 40 158 53 205 
160 176 3 110 6 232 251 58 135 218 
82 212 167 209 217 214 53 96 255 32 
37 218 67 19 149 175 252 178 218 30 
224 6 111 66 43 127 53 89 151 240 
115 8 164 164 16 127 83 221 43 112 
192 31 195 167 89 224 59 66 139 78 
199 245 127 194 199 57 231 170 132 183 
148 54 33 167 186 40 94 112 199 228 
205 202 143 184 151 122 71 33 23 32 
223 90 171 196 32 238 224 127 179 185 
196 26 156 55 18 181 36 1 38 110 
188 232 40 61 112 16 230 105 6 200 
225 28 88 239 33 79 106 145 45 38 
63 219 218 32 128 252 186 90 61 210 
182 31 90 142 217 62 228 227 151 173 
185 252 76 48 146 121 175 241 175 24 
226 159 101 82 249 209 84 138 17 47 
235 109 248 136 95 226 61 183 67 220 
20 165 199 53 91 24 222 138 231 213 
permutes:
0 1 1 0 1 1 1 0 0 0 0 1 0 1 1 1 

output:
242 71 63 127 187 115 167 253 24 187 
70 15 47 245 241 160 238 57 2 91 
72 42 236 208 126 92 183 188 242 103 
24 150 4 235 24 181 231 213 88 199 
27 107 199 40 77 140 211 238 105 150 
166 2 149 150 241 14 27 111 213 1 
35 163 76 158 236 203 173 55 43 149 
168 179 241 161 57 35 147 113 234 72 
252 105 101 140 92 101 145 112 138 76 
80 206 90 61 115 112 70 133 251 141 
248 170 22 10 80 50 118 4 138 250 
221 223 162 125 45 0 131 218 65 208 
240 50 95 203 249 103 59 21 112 51 
62 128 4 57 38 183 58 173 253 154 
77 226 138 61 174 85 130 78 31 177 
161 14 63 38 6 220 32 133 72 23 
root@sgx-HP-ENVY-x360-m6-Convertible:~/git/sfe_frigate15/exec/sgxship# 







root@sgx-HP-ENVY-x360-m6-Convertible:~/git/sfe_frigate15/exec/sgxship# ./evl 80 1 ./TestPrograms/arrayinit.wir inp.txt 127.0.0.1 5000 1 127.0.0.1 9000
evl is client, gen is host:::EVL (0:127.0.1.1) is connecting (127.0.0.1) at port 5000
EVL (0:127.0.1.1) succeeded connecting
evl input disabled in init_private

daveti-debug:
evalgc:
209 40 124 176 240 132 11 9 175 39 
54 90 167 105 158 238 86 193 222 212 
207 88 72 217 66 215 32 192 92 26 
10 255 239 61 244 150 235 146 130 227 
85 42 112 38 87 221 218 222 241 140 
203 168 17 233 165 88 135 111 108 195 
215 37 124 122 30 83 40 158 53 205 
82 212 167 209 217 214 53 96 255 32 
115 8 164 164 16 127 83 221 43 112 
192 31 195 167 89 224 59 66 139 78 
205 202 143 184 151 122 71 33 23 32 
223 90 171 196 32 238 224 127 179 185 
188 232 40 61 112 16 230 105 6 200 
63 219 218 32 128 252 186 90 61 210 
185 252 76 48 146 121 175 241 175 24 
235 109 248 136 95 226 61 183 67 220 
gengc:
58 216 81 200 1 202 1 58 104 17 
209 40 124 176 240 132 11 9 175 39 
35 222 145 173 180 126 112 22 211 114 
54 90 167 105 158 238 86 193 222 212 
207 88 72 217 66 215 32 192 92 26 
60 207 147 176 234 101 181 177 109 16 
10 255 239 61 244 150 235 146 130 227 
153 123 21 194 175 194 239 51 107 196 
85 42 112 38 87 221 218 222 241 140 
186 117 234 204 65 98 220 201 27 229 
203 168 17 233 165 88 135 111 108 195 
34 181 58 147 204 250 130 247 149 195 
215 37 124 122 30 83 40 158 53 205 
160 176 3 110 6 232 251 58 135 218 
82 212 167 209 217 214 53 96 255 32 
37 218 67 19 149 175 252 178 218 30 
224 6 111 66 43 127 53 89 151 240 
115 8 164 164 16 127 83 221 43 112 
192 31 195 167 89 224 59 66 139 78 
199 245 127 194 199 57 231 170 132 183 
148 54 33 167 186 40 94 112 199 228 
205 202 143 184 151 122 71 33 23 32 
223 90 171 196 32 238 224 127 179 185 
196 26 156 55 18 181 36 1 38 110 
188 232 40 61 112 16 230 105 6 200 
225 28 88 239 33 79 106 145 45 38 
63 219 218 32 128 252 186 90 61 210 
182 31 90 142 217 62 228 227 151 173 
185 252 76 48 146 121 175 241 175 24 
226 159 101 82 249 209 84 138 17 47 
235 109 248 136 95 226 61 183 67 220 
20 165 199 53 91 24 222 138 231 213 
permutes:
0 1 1 0 1 1 1 0 0 0 0 1 0 1 1 1 

output:
242 71 63 127 187 115 167 253 24 187 
72 42 236 208 126 92 183 188 242 103 
27 107 199 40 77 140 211 238 105 150 
168 179 241 161 57 35 147 113 234 72 
252 105 101 140 92 101 145 112 138 76 
248 170 22 10 80 50 118 4 138 250 
240 50 95 203 249 103 59 21 112 51 
77 226 138 61 174 85 130 78 31 177 
root@sgx-HP-ENVY-x360-m6-Convertible:~/git/sfe_frigate15/exec/sgxship# 






root@sgx-HP-ENVY-x360-m6-Convertible:~/git/sfe_frigate15/exec/sgxship# ./evl 80 1 ./TestPrograms/arrayinit.wir inp.txt 127.0.0.1 5000 1 127.0.0.1 9000
evl is client, gen is host:::daveti-debug:
secu_param [80]
stat_param [1]
circuit_file [./TestPrograms/arrayinit.wir]
private_file [inp.txt]
ipserve_addr [127.0.0.1]
port_base [5000
setting [1]
EVL (0:127.0.1.1) is connecting (127.0.0.1) at port 5000
connect failed: Connection refused
root@sgx-HP-ENVY-x360-m6-Convertible:~/git/sfe_frigate15/exec/sgxship# ./gen 80 1 ./TestPrograms/arrayinit.wir inp.txt 127.0.0.1 5000 1 127.0.0.1 8000
evl is client, gen is host:::daveti-debug:
secu_param [80]
stat_param [1]
circuit_file [./TestPrograms/arrayinit.wir]
private_file [inp.txt]
ipserve_addr [127.0.0.1]
port_base [5000
setting [1]
error bind failed: Address already in use
root@sgx-HP-ENVY-x360-m6-Convertible:~/git/sfe_frigate15/exec/sgxship#
